// Jest Snapshot v1, https://goo.gl/fbAQLP

exports[`Setup Mode 1`] = `
<div>
  <div
    class="App"
  >
    <div
      class="PlayChessBoardBox"
    >
      <div
        class="ChessBoardSizer"
      >
        <div
          class="ChessBoard"
          style="height: 0px; width: 0px;"
        >
          <div
            data-name="r"
          />
          <div
            data-isblack="true"
            data-name="n"
          />
          <div
            data-name="b"
          />
          <div
            data-isblack="true"
            data-name="q"
          />
          <div
            data-name="k"
          />
          <div
            data-isblack="true"
            data-name="b"
          />
          <div
            data-name="n"
          />
          <div
            data-isblack="true"
            data-name="r"
          />
          <div
            data-isblack="true"
            data-name="p"
          />
          <div
            data-name="p"
          />
          <div
            data-isblack="true"
            data-name="p"
          />
          <div
            data-name="p"
          />
          <div
            data-isblack="true"
            data-name="p"
          />
          <div
            data-name="p"
          />
          <div
            data-isblack="true"
            data-name="p"
          />
          <div
            data-name="p"
          />
          <div />
          <div
            data-isblack="true"
          />
          <div />
          <div
            data-isblack="true"
          />
          <div />
          <div
            data-isblack="true"
          />
          <div />
          <div
            data-isblack="true"
          />
          <div
            data-isblack="true"
          />
          <div />
          <div
            data-isblack="true"
          />
          <div />
          <div
            data-isblack="true"
          />
          <div />
          <div
            data-isblack="true"
          />
          <div />
          <div />
          <div
            data-isblack="true"
          />
          <div />
          <div
            data-isblack="true"
          />
          <div />
          <div
            data-isblack="true"
          />
          <div />
          <div
            data-isblack="true"
          />
          <div
            data-isblack="true"
          />
          <div />
          <div
            data-isblack="true"
          />
          <div />
          <div
            data-isblack="true"
          />
          <div />
          <div
            data-isblack="true"
          />
          <div />
          <div
            data-name="P"
          />
          <div
            data-isblack="true"
            data-name="P"
          />
          <div
            data-name="P"
          />
          <div
            data-isblack="true"
            data-name="P"
          />
          <div
            data-name="P"
          />
          <div
            data-isblack="true"
            data-name="P"
          />
          <div
            data-name="P"
          />
          <div
            data-isblack="true"
            data-name="P"
          />
          <div
            data-isblack="true"
            data-name="R"
          />
          <div
            data-name="N"
          />
          <div
            data-isblack="true"
            data-name="B"
          />
          <div
            data-name="Q"
          />
          <div
            data-isblack="true"
            data-name="K"
          />
          <div
            data-name="B"
          />
          <div
            data-isblack="true"
            data-name="N"
          />
          <div
            data-name="R"
          />
        </div>
      </div>
    </div>
    <div
      class="SetupInfo"
    >
      <div
        class="SetupErrorBox"
      />
      <div
        class="SetupPieceBox"
      >
        <div
          data-name="p"
        />
        <div
          data-name="n"
        />
        <div
          data-name="b"
        />
        <div
          data-name="r"
        />
        <div
          data-name="q"
        />
        <div
          data-name="k"
        />
      </div>
      <div
        class="SetupPieceBox"
      >
        <div
          data-name="P"
        />
        <div
          data-name="N"
        />
        <div
          data-name="B"
        />
        <div
          data-name="R"
        />
        <div
          data-name="Q"
        />
        <div
          data-name="K"
        />
      </div>
      <div
        class="LabelledTextbox"
      >
        <label>
          Current Fen:
        </label>
        <input
          class="LabelledTextboxTextbox"
          readonly=""
          type="text"
          value="rnbqkbnr/pppppppp/8/8/8/8/PPPPPPPP/RNBQKBNR w KQkq - 0 1"
        />
      </div>
      <div
        class="LabelledTextbox"
      >
        <label>
          Input Fen:
        </label>
        <input
          class="LabelledTextboxTextbox"
          value="rnbqkbnr/pppppppp/8/8/8/8/PPPPPPPP/RNBQKBNR w KQkq - 0 1"
        />
      </div>
      <div>
        <label>
          First Move: 
        </label>
        <select>
          <option
            value="white"
          >
            White
          </option>
          <option
            value="black"
          >
            Black
          </option>
        </select>
      </div>
      <div>
        <label>
          En-passant file: 
        </label>
        <select>
          <option
            value=""
          >
            -
          </option>
          <option
            value="0"
          >
            a
          </option>
          <option
            value="1"
          >
            b
          </option>
          <option
            value="2"
          >
            c
          </option>
          <option
            value="3"
          >
            d
          </option>
          <option
            value="4"
          >
            e
          </option>
          <option
            value="5"
          >
            f
          </option>
          <option
            value="6"
          >
            g
          </option>
          <option
            value="7"
          >
            h
          </option>
        </select>
      </div>
      <div>
        <label>
          White O-O: 
        </label>
        <input
          checked=""
          type="checkbox"
        />
      </div>
      <div>
        <label>
          White O-O-O: 
        </label>
        <input
          checked=""
          type="checkbox"
        />
      </div>
      <div>
        <label>
          Black O-O: 
        </label>
        <input
          checked=""
          type="checkbox"
        />
      </div>
      <div>
        <label>
          Black O-O-O: 
        </label>
        <input
          checked=""
          type="checkbox"
        />
      </div>
      <div>
        <button>
          Import Fen
        </button>
        <button>
          Reset
        </button>
        <button>
          Clear
        </button>
      </div>
      <button>
        Play
      </button>
      <button>
        Change Theme
      </button>
    </div>
  </div>
</div>
`;
